// Jest Snapshot v1, https://goo.gl/fbAQLP

exports[`ToDoListScreen Test renders page ToDoList 1`] = `
<div>
  loader...
</div>
`;
